✅ Tự động chọn chu kỳ hiện tại: Quý I/2026
1. Loading raw data...
  Fetching sub-goals for target: Hoàn thiện hệ thống & dữ liệu bộ phận vận hành được...
  Fetching sub-goals for target: KCS làm việc thông minh và hiệu quả qua nền tảng số và mobile...
  Fetching sub-goals for target: Hệ AI vận hành, Nguồn lực cơ chế partner, Line mới khởi động...
  Fetching sub-goals for target: Khởi động và làm việc team B line mới...
  Fetching sub-goals for target: Nhân tài chiến, cơ chế tiếp tục cải tiến...
  Fetching sub-goals for target: Hệ AI tổ chức khoa học, vận hành tối ưu, đem lại hiệu quả...
  Fetching sub-goals for target: Sản Lượng Cam Kết 40 cont/tháng (đến 50 cont/tháng - tăng 25%)...
  Fetching sub-goals for target: Quản lý chất lượng toàn diện (Sản phẩm + Con người + Công nghệ)...
  Fetching sub-goals for target: Cải thiện hiệu quả thương mại (giá mua/chi phí logistic/hải quan)...
  Fetching sub-goals for target: Đảm bảo năng lực cung ứng đạt 30-40 cont/tháng (Sản xuất + hóa đơn)...
  Fetching sub-goals for target: Salesforce dẫn dắt Trải nghiệm khách hàng, Doanh thu...
  Fetching sub-goals for target: Nhóm Salesforce / AI / Hệ thống...
  Fetching sub-goals for target: Phát triển 2-3 khách hàng mới đóng góp sản lượng 5-10cont/tháng...
  Fetching sub-goals for target: Đảm bảo sản lượng của nhóm KH chiến lượt đặt 25-30 cont/tháng...
  Fetching sub-goals for target: Chuỗi cung ứng (SCM) vận hành Số hóa, Trải nghiệm tăng 50%, Line SP mới...
  Fetching sub-goals for target: Kế toán vững luật - Vận hành tối ưu - Tham gia điều hành hiệu quả...
  Fetching sub-goals for target: Làm đúng – làm chắc – không để sai luật...
  Fetching sub-goals for target: Làm gọn – làm chuẩn – giảm thủ công...
  Fetching sub-goals for target: Nhìn ra vấn đề – cảnh báo sớm – hỗ trợ quyết định...

Finished fetching all targets.
2. Merging data...
  Performing secondary merge using sub-goal IDs...
  Dropping duplicate target columns: 5 columns
Loaded 61 records
Members without goals: 26
Members without checkins: 32
Calculating shift vs 02/01/2026...
Weekly OKR shifts calculated for 8 users

================================================================================
🎯 BÁO CÁO OKR TỔNG HỢP
================================================================================
Calculating shift vs 02/01/2026...

📊 THÔNG TIN TỔNG QUAN
--------------------------------------------------
Thời gian tạo báo cáo: 2026-01-10 21:39:55
Tổng số thành viên: 8
Điểm sức khỏe OKR: 25.0/100
Điểm sức khỏe Check-in: 25.0/100
Điểm sức khỏe tổng thể: 25.0/100

✨ ĐIỂM NỔI BẬT:
  • Cần cải thiện sức khỏe OKR tổng thể

⚠️  CÁC VẤN ĐỀ HÀNG ĐẦU:
  • NO_GOALS: Lâm Tấn Thịnh
  • NO_GOALS: Vũ Hoàng Kim
  • NO_GOALS: Trần Tú
  • NO_GOALS: Nhìn Đức Quốc
  • NO_GOALS: Quang Diệu SG- Khách 2
  • GOALS_NO_CHECKINS: Võ Hoàng Luân
  • GOALS_NO_CHECKINS: Đỗ Thế Sang
  • GOALS_NO_CHECKINS: Trần Thanh Sơn

📈 PHÂN TÍCH OKR THEO TUẦN
--------------------------------------------------
Tổng số người dùng: 8
Người dùng có tiến độ tích cực: 2
Người dùng có tiến độ âm: 0
Giá trị thay đổi trung bình: 0.32
Giá trị hiện tại trung bình: 0.32

Phân loại hiệu suất:
  • Xuất sắc (≥20): 0 người
  • Tốt (10-19): 0 người
  • Đạt yêu cầu (0-9): 8 người
  • Cần cải thiện (<0): 8 người

🚨 CẢNH BÁO VÀ THÔNG BÁO
--------------------------------------------------
Vấn đề nghiêm trọng (58):
  • Thành viên Lâm Tấn Thịnh chưa thiết lập OKR
  • Thành viên Vũ Hoàng Kim chưa thiết lập OKR
  • Thành viên Trần Tú chưa thiết lập OKR
  • Thành viên Nhìn Đức Quốc chưa thiết lập OKR
  • Thành viên Quang Diệu SG- Khách 2 chưa thiết lập OKR

Vấn đề vừa phải (6):
  • Thành viên Võ Hoàng Luân có OKR nhưng chưa check-in
  • Thành viên Đỗ Thế Sang có OKR nhưng chưa check-in
  • Thành viên Trần Thanh Sơn có OKR nhưng chưa check-in
  • Thành viên Nguyễn Thị Ngọc Bích có OKR nhưng chưa check-in
  • Thành viên Phạm Thanh Tùng có OKR nhưng chưa check-in

Cơ hội cải thiện (7):
  • Thành viên Hà Lê Trúc Phương chỉ có 1 check-in trong kỳ
  • Thành viên Hoang Tran chỉ có 0 check-in trong kỳ
  • Thành viên Nguyễn Thị Ngọc Bích chỉ có 0 check-in trong kỳ

🏥 SỨC KHỎE TỔ CHỨC
--------------------------------------------------
Điểm sức khỏe OKR: 25.0/100
Điểm sức khỏe Check-in: 25.0/100
Điểm sức khỏe tổng thể: 25.0/100

Xu hướng:
  • OKR: stable
  • Check-in: stable
  • Tổng thể: stable

💡 Đề xuất:
  • Tập trung cải thiện tiến độ OKR của các thành viên có hiệu suất thấp
  • Khuyến khích các thành viên thực hiện check-in đều đặn hơn
  • Cần có kế hoạch hành động để cải thiện sức khỏe OKR tổng thể

🏆 TOP PERFORMERS (TOP 10)
--------------------------------------------------
1. Phan Thanh Đạt
   • Tiến độ tuần: 1.75 | Mức độ: Đạt yêu cầu
   • Đóng góp (Căn chỉnh): 0.0% KRs (0/4)
   • Check-in kỳ này: 2 lần | Tổng cộng: 2 lần
   • Điểm rủi ro: Thấp (0)
2. Hà Lê Trúc Phương
   • Tiến độ tuần: 0.83 | Mức độ: Đạt yêu cầu
   • Đóng góp (Căn chỉnh): 100.0% KRs (6/6)
   • Check-in kỳ này: 1 lần | Tổng cộng: 1 lần
   • Điểm rủi ro: Thấp (25)
3. Võ Hoàng Luân
   • Tiến độ tuần: 0.00 | Mức độ: Đạt yêu cầu
   • Đóng góp (Căn chỉnh): 100.0% KRs (5/5)
   • Check-in kỳ này: 0 lần | Tổng cộng: 0 lần
   • Điểm rủi ro: Trung bình (45)
4. Trần Thanh Sơn
   • Tiến độ tuần: 0.00 | Mức độ: Đạt yêu cầu
   • Đóng góp (Căn chỉnh): 0.0% KRs (0/6)
   • Check-in kỳ này: 0 lần | Tổng cộng: 0 lần
   • Điểm rủi ro: Trung bình (45)
5. Đỗ Thế Sang
   • Tiến độ tuần: 0.00 | Mức độ: Đạt yêu cầu
   • Đóng góp (Căn chỉnh): 0.0% KRs (0/3)
   • Check-in kỳ này: 0 lần | Tổng cộng: 0 lần
   • Điểm rủi ro: Trung bình (45)
6. Phạm Thanh Tùng
   • Tiến độ tuần: 0.00 | Mức độ: Đạt yêu cầu
   • Đóng góp (Căn chỉnh): 100.0% KRs (6/6)
   • Check-in kỳ này: 0 lần | Tổng cộng: 0 lần
   • Điểm rủi ro: Trung bình (45)
7. Hoang Tran
   • Tiến độ tuần: 0.00 | Mức độ: Đạt yêu cầu
   • Đóng góp (Căn chỉnh): 100.0% KRs (23/23)
   • Check-in kỳ này: 0 lần | Tổng cộng: 0 lần
   • Điểm rủi ro: Trung bình (45)
8. Nguyễn Thị Ngọc Bích
   • Tiến độ tuần: 0.00 | Mức độ: Đạt yêu cầu
   • Đóng góp (Căn chỉnh): 100.0% KRs (8/8)
   • Check-in kỳ này: 0 lần | Tổng cộng: 0 lần
   • Điểm rủi ro: Trung bình (45)

================================================================================
📋 BÁO CÁO HOÀN THÀNH
================================================================================

================================================================================
🧪 THỬ NGHIỆM TÍNH ĐIỂM SECTION II (ALIGNMENT, PRIORITY, IMPACT)
================================================================================
User: Võ Hoàng Luân
  - Goals count: 2
  - Alignment Median: 1.0
  - Priority Median:  1.0
  - Impact Median:    2.0
----------------------------------------
User: Đỗ Thế Sang
  - Goals count: 1
  - Alignment Median: 2.0
  - Priority Median:  2.0
  - Impact Median:    2.0
----------------------------------------
User: Trần Thanh Sơn
  - Goals count: 2
  - Alignment Median: 1.0
  - Priority Median:  1.0
  - Impact Median:    1.0
----------------------------------------
User: Phan Thanh Đạt
  - Goals count: 2
  - Alignment Median: 4.0
  - Priority Median:  3.0
  - Impact Median:    3.5
----------------------------------------
User: Hà Lê Trúc Phương
  - Goals count: 3
  - Alignment Median: 1.0
  - Priority Median:  3.0
  - Impact Median:    3.0
----------------------------------------
User: Nguyễn Thị Ngọc Bích
  - Goals count: 4
  - Alignment Median: 1.0
  - Priority Median:  1.0
  - Impact Median:    1.0
----------------------------------------
User: Phạm Thanh Tùng
  - Goals count: 3
  - Alignment Median: 3.0
  - Priority Median:  3.0
  - Impact Median:    3.0
----------------------------------------
User: Hoang Tran
  - Goals count: 9
  - Alignment Median: 1.0
  - Priority Median:  1.0
  - Impact Median:    3.0
----------------------------------------
